../Core/Src/main.c:167:5:main	24	static
../Core/Src/main.c:530:6:SystemClock_Config	96	static
../Core/Src/main.c:578:13:MX_ADC_Init	24	static
../Core/Src/main.c:632:13:MX_SPI1_Init	8	static
../Core/Src/main.c:672:13:MX_TIM6_Init	8	static
../Core/Src/main.c:706:13:MX_USART1_UART_Init	8	static
../Core/Src/main.c:741:13:MX_GPIO_Init	48	static
../Core/Src/main.c:789:6:HAL_GPIO_EXTI_Callback	16	static
../Core/Src/main.c:809:6:HAL_UART_RxCpltCallback	16	static
../Core/Src/main.c:817:12:Get_number	24	static
../Core/Src/main.c:843:13:pow	24	static
../Core/Src/main.c:860:13:Led_RGB_Limits_Temp	24	static
../Core/Src/main.c:885:6:delay	16	static
../Core/Src/main.c:895:6:Set_Pin_Input	48	static
../Core/Src/main.c:909:6:Set_Pin_Output	48	static
../Core/Src/main.c:924:9:DS18B20_Start	16	static
../Core/Src/main.c:946:6:DS18B20_Write	24	static
../Core/Src/main.c:981:9:DS18B20_Read	16	static
../Core/Src/main.c:1010:7:convert_temperature	24	static
../Core/Src/main.c:1034:6:flash_csn	16	static
../Core/Src/main.c:1043:6:Write_flash_enable	16	static
../Core/Src/main.c:1053:6:Flash_read_identification_id	16	static
../Core/Src/main.c:1074:6:Flash_write_page	72	dynamic
../Core/Src/main.c:1093:6:Flash_read_page	48	static
../Core/Src/main.c:1110:6:erase_all	16	static
../Core/Src/main.c:1125:9:read_status_register	24	static
../Core/Src/main.c:1151:6:Error_Handler	8	static,ignoring_inline_asm
